// Jest Snapshot v1, https://goo.gl/fbAQLP

exports[`renders a checkbox widget component 1`] = `
<div
  className="inline field"
>
  <div
    className="ui grid"
  >
    <div
      className="stretched row"
    >
      <div
        className="twelve wide column"
      >
        <div
          className="wrapper"
        >
          <div
            className="ui fitted checkbox"
            onChange={[Function]}
            onClick={[Function]}
            onMouseDown={[Function]}
          >
            <input
              checked={null}
              className="hidden"
              disabled={false}
              id="field-my-field"
              name="my-field"
              onClick={[Function]}
              readOnly={true}
              tabIndex={0}
              type="checkbox"
            />
            <label
              htmlFor="field-my-field"
            />
          </div>
          <label
            className="ui basic horizontal label"
            htmlFor="field-my-field"
            onClick={[Function]}
          >
            My field
          </label>
        </div>
      </div>
    </div>
  </div>
</div>
`;
