// Jest Snapshot v1, https://goo.gl/fbAQLP

exports[`renders a select widget component 1`] = `
<div
  className="inline field"
>
  <div
    className="ui grid"
  >
    <div
      className="stretched row"
    >
      <div
        className="four wide column"
      >
        <div
          className="wrapper"
        >
          <label
            htmlFor="field-my-field"
          >
            My field
          </label>
        </div>
      </div>
      <div
        className="eight wide column"
      >
        <div
          aria-disabled={false}
          aria-expanded={false}
          className="ui selection dropdown"
          id="field-my-field"
          name="my-field"
          onBlur={[Function]}
          onChange={[Function]}
          onClick={[Function]}
          onFocus={[Function]}
          onMouseDown={[Function]}
          role="listbox"
          tabIndex={0}
        >
          <div
            aria-live="polite"
            className="text"
            role="alert"
          >
            No value
          </div>
          <i
            aria-hidden="true"
            className="dropdown icon"
            onClick={[Function]}
          />
          <div
            className="menu transition"
          >
            <div
              aria-checked={true}
              aria-selected={true}
              className="active selected item"
              onClick={[Function]}
              role="option"
              style={
                Object {
                  "pointerEvents": "all",
                }
              }
            >
              <span
                className="text"
              >
                No value
              </span>
            </div>
          </div>
        </div>
      </div>
    </div>
  </div>
</div>
`;
