// Jest Snapshot v1, https://goo.gl/fbAQLP

exports[`Footer renders a footer component 1`] = `
<div
  className="ui grey inverted vertical padded center aligned segment"
>
  <div
    className="ui container"
  >
    <div
      className="ui grey basic inverted segment discreet"
    >
      <span>
        The 
        <span>
          Plone
          <sup>
            ®
          </sup>
           Open Source CMS/WCM
        </span>
         is 
        <abbr
          title="Copyright"
        >
          ©
        </abbr>
         2000-2018 by the 
        <a
          className="item"
          href="http://plone.org/foundation"
        >
          <span>
            Plone Foundation
          </span>
        </a>
         and friends.
      </span>
       
      <span>
        Distributed under the 
        <a
          className="item"
          href="http://creativecommons.org/licenses/GPL/2.0/"
        >
          <span>
            GNU GPL license
          </span>
        </a>
        .
      </span>
    </div>
    <div
      className="ui horizontal inverted list"
      role="list"
    >
      <a
        className="item"
        href="/sitemap"
        onClick={[Function]}
        role="listitem"
      >
        <span>
          Site Map
        </span>
      </a>
      <a
        className="item"
        href="/accessibility-info"
        onClick={[Function]}
        role="listitem"
      >
        <span>
          Accessibility
        </span>
      </a>
      <a
        className="item"
        href="/contact"
        onClick={[Function]}
        role="listitem"
      >
        <span>
          Contact
        </span>
      </a>
      <a
        className="item"
        href="http://plone.com"
        onClick={[Function]}
        role="listitem"
      >
        <span>
          Powered by Plone & Python
        </span>
      </a>
    </div>
  </div>
</div>
`;
