// Jest Snapshot v1, https://goo.gl/fbAQLP

exports[`SearchWidget renders a search widget component 1`] = `
<form
  action="/search"
  className="ui form"
  onSubmit={[Function]}
>
  <div
    className="field searchbox"
  >
    <div
      className="ui transparent action input"
      title="Search"
    >
      <input
        name="SearchableText"
        onChange={[Function]}
        placeholder="Search Site"
        type="text"
        value=""
      />
      <button
        className="ui icon button"
        onClick={[Function]}
        role="button"
      >
        <i
          aria-hidden="true"
          className="search icon"
        />
      </button>
    </div>
  </div>
</form>
`;
