// Jest Snapshot v1, https://goo.gl/fbAQLP

exports[`Breadcrumbs renders a breadcrumbs component 1`] = `
<div
  className="ui secondary vertical segment breadcrumbs"
>
  <div
    className="ui container"
  >
    <div
      className="ui breadcrumb"
    >
      <a
        className="section"
        href="/"
        onClick={[Function]}
        title="Home"
      >
        <i
          aria-hidden="true"
          className="home icon"
        />
      </a>
      <div
        className="divider"
      >
        /
      </div>
      <a
        className="section"
        href="/blog"
        onClick={[Function]}
      >
        Blog
      </a>
      <div
        className="divider"
      >
        /
      </div>
      <div
        className="active section"
        onClick={[Function]}
      >
        My first blog
      </div>
    </div>
  </div>
</div>
`;
